// Jest Snapshot v1, https://goo.gl/fbAQLP

exports[`<NotLogedNav /> render() render component 1`] = `
<nav>
  <Link
    class="links"
    to="/"
  >
    Home
  </Link>
  <Link
    class="links"
    to="/whyBoids"
  >
    Why Boids ?
  </Link>
  <Link
    class="links"
    id="login"
    to="/login"
  >
    Login
  </Link>
</nav>
`;
