// Jest Snapshot v1, https://goo.gl/fbAQLP

exports[`<Register /> render() renders component 1`] = `
<Register
  auth={
    Object {
      "openedAcc": null,
    }
  }
  registerAction={[Function]}
  store={
    Object {
      "clearActions": [Function],
      "dispatch": [Function],
      "getActions": [Function],
      "getState": [Function],
      "replaceReducer": [Function],
      "subscribe": [Function],
    }
  }
/>
`;
