// Jest Snapshot v1, https://goo.gl/fbAQLP

exports[`<Servers /> render() render component 1`] = `
<Servers
  createServer={[Function]}
  currentChannel={[Function]}
  current_server={[Function]}
  getChannels={[Function]}
  getPosts={[Function]}
  logoutAction={[Function]}
  retreiveServerAsLeader={[Function]}
  retreiveServerAsMember={[Function]}
  store={
    Object {
      "clearActions": [Function],
      "dispatch": [Function],
      "getActions": [Function],
      "getState": [Function],
      "replaceReducer": [Function],
      "subscribe": [Function],
    }
  }
/>
`;
